src/app/client.tsx(9,61): error TS2554: Expected 1-2 arguments, but got 0.
src/modules/projects/ui/views/components/message-card.tsx(7,52): error TS2307: Cannot find module '@/generated/prisma' or its corresponding type declarations.
src/modules/projects/ui/views/components/message-form.tsx(4,25): error TS2307: Cannot find module 'react-hook-form' or its corresponding type declarations.
src/modules/projects/ui/views/components/message-form.tsx(5,29): error TS2307: Cannot find module '@hookform/resolvers/zod' or its corresponding type declarations.
src/modules/projects/ui/views/components/message-form.tsx(13,33): error TS2307: Cannot find module '@/components/ui/form' or its corresponding type declarations.
src/modules/projects/ui/views/components/message-form.tsx(74,32): error TS7031: Binding element 'field' implicitly has an 'any' type.
src/modules/projects/ui/views/project-view.tsx(11,35): error TS2307: Cannot find module '../components/messages-container' or its corresponding type declarations.
src/modules/projects/ui/views/project-view.tsx(20,34): error TS2322: Type '{ children: Element[]; direction: string; }' is not assignable to type 'IntrinsicAttributes & HTMLAttributes<HTMLDivElement> & { children?: ReactNode; className?: string | undefined; ... 10 more ...; style?: CSSProperties | undefined; }'.
  Property 'direction' does not exist on type 'IntrinsicAttributes & HTMLAttributes<HTMLDivElement> & { children?: ReactNode; className?: string | undefined; ... 10 more ...; style?: CSSProperties | undefined; }'.
